verified sha256: predictions.json, plan.json, run.sh, runner.py, bin/msearch
N / N' median by band {'3-6k': 0.9960041974148022, '6-12k': 1.0186165737223556, '12-24k': 1.047265683651141, '24-45k': 1.004681928370497}

## Squares per sum (obs / pred)

| group | sums | O / E = ratio | HH | eff. count | Poisson90 (eff.) | boot90 (sums) | od90 (between 0.41) | prereg90 | phi (raw) | between sd |
|---|---:|---|---:|---:|---|---|---|---|---:|---:|
| 3-6k | 289 | 8,739 / 8,443 = 1.04 | 1.03 | 8,739 | [1.02, 1.05] | [0.98, 1.09] | [0.975, 1.1] | [0.989, 1.08] | 5.43 | 0.461 |
| 6-12k | 25 | 5,229 / 4,100 = 1.28 | 1.29 | 679 | [1.2, 1.36] | [1.16, 1.39] | [1.04, 1.56] | [1.09, 1.49] | 12.1 | 0.43 |
| 6-12k plain | 18 | 1,938 / 1,501 = 1.29 | 1.31 | 1,938 | [1.24, 1.34] | [1.1, 1.47] | [1.08, 1.54] | [1.14, 1.46] | 15.9 | 0.43 |
| 6-12k dfirst | 7 | 3,291 / 2,599 = 1.27 | 1.26 | 284 | [1.14, 1.39] | - | [0.935, 1.71] | [0.998, 1.61] | - | - |
| 3-12k | 314 | 13,968 / 12,543 = 1.11 | 1.16 | 4,379 | [1.09, 1.14] | [1.06, 1.17] | [1.03, 1.2] | [1.05, 1.18] | 6 | 0.462 |
| 3-12k plain | 307 | 10,677 / 9,944 = 1.07 | 1.14 | 10,677 | [1.06, 1.09] | [1.02, 1.13] | [1.01, 1.14] | [1.03, 1.12] | 6.24 | 0.462 |
| 12-24k | 4 | 2,558 / 2,087 = 1.23 | 1.45 | 77.4 | [1, 1.47] | - | [0.781, 1.92] | [0.827, 1.82] | - | - |
| 24-45k | 3 | 1,944 / 3,220 = 0.604 | 0.411 | 4.16 | [0.198, 1.33] | - | [0.241, 1.51] | [0.164, 2.23] | - | - |
| 12-45k | 7 | 4,502 / 5,307 = 0.848 | 0.962 | 15.2 | [0.516, 1.29] | - | [0.502, 1.43] | [0.423, 1.7] | - | - |

### S_per_square

| group | O / E = ratio | eff. count | Poisson90 | boot90 | quasi90 | prereg90 | phi (raw) | HH | p(>=O) | p(<=O) |
|---|---|---:|---|---|---|---|---:|---:|---:|---:|
| 3-6k | 5,408 / 5,759 = 0.939 | 5,408 | [0.918, 0.96] | [0.912, 0.968] | [0.914, 0.964] | [0.906, 0.973] | 1.41 | 0.949 | 1 | 1.5e-06 |
| 6-12k | 2,766 / 2,843 = 0.973 | 342 | [0.889, 1.07] | [0.815, 1.08] | [0.869, 1.09] | [0.856, 1.11] | 1.6 | 0.929 | 0.694 | 0.325 |
| 6-12k plain | 980 / 1,055 = 0.929 | 980 | [0.88, 0.979] | [0.886, 0.972] | [0.881, 0.979] | [0.841, 1.03] | 0.995 | 0.955 | 0.991 | 0.01 |
| 6-12k dfirst | 1,786 / 1,788 = 0.999 | 145 | [0.864, 1.14] | - | - | [0.823, 1.21] | - | 0.87 | 0.529 | 0.504 |
| 3-12k | 8,174 / 8,603 = 0.95 | 2,443 | [0.919, 0.982] | [0.9, 0.999] | [0.913, 0.988] | [0.905, 0.998] | 1.4 | 0.939 | 0.995 | 0.00561 |
| 3-12k plain | 6,388 / 6,815 = 0.937 | 6,388 | [0.918, 0.957] | [0.914, 0.962] | [0.915, 0.96] | [0.906, 0.97] | 1.38 | 0.951 | 1 | 9.08e-08 |
| 12-24k | 594 / 924 = 0.643 | 18.1 | [0.413, 0.947] | - | - | [0.416, 0.994] | - | 0.589 | 0.983 | 0.0279 |
| 24-45k | 854 / 432 = 1.98 | 2.15 | [0.327, 5.79] | - | - | [0.626, 6.24] | - | 0.637 | 0.297 | 0.903 |
| 12-45k | 1,448 / 1,356 = 1.07 | 9.73 | [0.595, 1.86] | - | - | [0.616, 1.85] | - | 0.607 | 0.428 | 0.692 |

### P_per_square

| group | O / E = ratio | eff. count | Poisson90 | boot90 | quasi90 | prereg90 | phi (raw) | HH | p(>=O) | p(<=O) |
|---|---|---:|---|---|---|---|---:|---:|---:|---:|
| 3-6k | 1,544 / 1,517 = 1.02 | 1,544 | [0.975, 1.06] | [0.974, 1.06] | [0.975, 1.06] | [0.967, 1.07] | 1.04 | 0.994 | 0.25 | 0.758 |
| 6-12k | 718 / 663 = 1.08 | 101 | [0.911, 1.28] | [0.894, 1.31] | [0.919, 1.27] | [0.902, 1.3] | 0.948 | 1.09 | 0.229 | 0.801 |
| 6-12k plain | 267 / 248 = 1.08 | 267 | [0.972, 1.19] | [0.988, 1.17] | [0.975, 1.19] | [0.95, 1.22] | 0.746 | 1.04 | 0.117 | 0.895 |
| 6-12k dfirst | 451 / 416 = 1.08 | 42 | [0.825, 1.4] | - | - | [0.819, 1.44] | - | 1.2 | 0.32 | 0.734 |
| 3-12k | 2,262 / 2,181 = 1.04 | 792 | [0.978, 1.1] | [0.972, 1.11] | [0.978, 1.1] | [0.971, 1.11] | 1.02 | 1.04 | 0.154 | 0.855 |
| 3-12k plain | 1,811 / 1,765 = 1.03 | 1,811 | [0.987, 1.07] | [0.987, 1.07] | [0.987, 1.07] | [0.979, 1.08] | 1.02 | 1.01 | 0.14 | 0.866 |
| 12-24k | 203 / 167 = 1.21 | 6.4 | [0.496, 2.25] | - | - | [0.611, 2.42] | - | 1.26 | 0.431 | 0.722 |
| 24-45k | 0 / 58.7 = 0 | 0 | [0, 20.6] | - | - | - | - | 0 | 1 | 0.865 |
| 12-45k | 203 / 226 = 0.899 | 1.58 | [0.202, 3.59] | - | - | [0.24, 3.37] | - | 0.784 | 0.524 | 0.743 |

### SP_found

| group | O / E = ratio | eff. count | Poisson90 | boot90 | quasi90 | prereg90 | phi (raw) | HH | p(>=O) | p(<=O) |
|---|---|---:|---|---|---|---|---:|---:|---:|---:|
| 3-6k | 5 / 4.23 = 1.18 | 5 | [0.466, 2.48] | [0.441, 2.1] | [0.557, 2.51] | [0.51, 2.74] | 1.05 | 1.26 | 0.416 | 0.748 |
| 6-12k | 2 / 1.21 = 1.65 | 2 | [0.292, 5.18] | [0, 3.91] | [0.434, 6.25] | [0.433, 6.26] | 1.32 | 2.26 | 0.343 | 0.876 |
| 6-12k plain | 2 / 0.503 = 3.98 | 2 | [0.706, 12.5] | [0, 8.45] | [1.24, 12.7] | [1.05, 15.1] | 0.7 | 3.21 | 0.0911 | 0.985 |
| 6-12k dfirst | 0 / 0.712 = 0 | 0 | [0, 4.21] | - | - | - | - | 0 | 1 | 0.491 |
| 3-12k | 7 / 5.45 = 1.29 | 7 | [0.603, 2.41] | [0.542, 2.15] | [0.687, 2.4] | [0.631, 2.62] | 1.01 | 1.75 | 0.306 | 0.816 |
| 3-12k plain | 7 / 4.73 = 1.48 | 7 | [0.694, 2.78] | [0.633, 2.46] | [0.794, 2.75] | [0.726, 3.01] | 0.899 | 2.05 | 0.2 | 0.893 |
| 12-24k | 0 / 0.0145 = 0 | 0 | [0, 206] | - | - | - | - | 0 | 1 | 0.986 |
| 24-45k | 0 / 0.000165 = 0 | 0 | [0, 18,204] | - | - | - | - | 0 | 1 | 1 |
| 12-45k | 0 / 0.0147 = 0 | 0 | [0, 204] | - | - | - | - | 0 | 1 | 0.985 |

### SP_per_square

| group | O / E = ratio | eff. count | Poisson90 | boot90 | quasi90 | prereg90 | phi (raw) | HH | p(>=O) | p(<=O) |
|---|---|---:|---|---|---|---|---:|---:|---:|---:|
| 3-6k | 5 / 4.38 = 1.14 | 5 | [0.45, 2.4] | [0.42, 2.02] | [0.525, 2.48] | [0.493, 2.65] | 1.12 | 1.3 | 0.445 | 0.724 |
| 6-12k | 2 / 1.54 = 1.29 | 2 | [0.23, 4.08] | [0, 3.18] | [0.249, 6.74] | [0.34, 4.93] | 2.01 | 2.75 | 0.457 | 0.798 |
| 6-12k plain | 2 / 0.637 = 3.14 | 2 | [0.558, 9.88] | [0, 7.15] | [0.925, 10.6] | [0.825, 11.9] | 1.1 | 3.91 | 0.134 | 0.973 |
| 6-12k dfirst | 0 / 0.907 = 0 | 0 | [0, 3.3] | - | - | - | - | 0 | 1 | 0.404 |
| 3-12k | 7 / 5.92 = 1.18 | 7 | [0.555, 2.22] | [0.497, 1.99] | [0.604, 2.31] | [0.58, 2.41] | 1.17 | 2.03 | 0.381 | 0.754 |
| 3-12k plain | 7 / 5.02 = 1.4 | 7 | [0.655, 2.62] | [0.595, 2.31] | [0.748, 2.6] | [0.686, 2.84] | 1.01 | 2.39 | 0.24 | 0.865 |
| 12-24k | 0 / 0.0213 = 0 | 0 | [0, 140] | - | - | - | - | 0 | 1 | 0.979 |
| 24-45k | 0 / 0.000109 = 0 | 0 | [0, 27,501] | - | - | - | - | 0 | 1 | 1 |
| 12-45k | 0 / 0.0214 = 0 | 0 | [0, 140] | - | - | - | - | 0 | 1 | 0.979 |

S deficit: {"3-6k": {"ratio": 0.9389742216105246, "p_le_poisson": 1.5018143071365841e-06, "phi": 1.4114614805190935, "z": -3.8976117390657885, "p_le_overdispersed": 4.857300106495575e-05}, "3-12k": {"ratio": 0.9501371543937428, "p_le_poisson": 0.005611139288044353, "phi": 1.4042939178813847, "z": -2.1333686419007836, "p_le_overdispersed": 0.016447248675954776}}

### rungs above SP (partner pairs from the grids) and other counts

3-6k: SP+S {'O': 0.0, 'E': 0.05927351598242146}, SP+P {'O': 0.0, 'E': 0.01600449122202436}, magic {'O': 0.0, 'E': 2.4942017866989747e-05}, SP in streams {'O': 0.0, 'E': 0.0}, CPU {'O': 8415.682067, 'E': 12888.53504345768, 'ratio': 0.6529587760458366}
6-12k: SP+S {'O': 0.0, 'E': 0.01345465606736368}, SP+P {'O': 0.0, 'E': 0.0033646937151475833}, magic {'O': 0.0, 'E': 4.116858302270635e-06}, SP in streams {'O': 0.0, 'E': 0.08071443450443207}, CPU {'O': 7074.700977000001, 'E': 8774.203709940708, 'ratio': 0.8063068981387724}
12-24k: SP+S {'O': 0.0, 'E': 0.000110218974134823}, SP+P {'O': 0.0, 'E': 2.0267633648747893e-05}, magic {'O': 0.0, 'E': 3.7941858667608656e-08}, SP in streams {'O': 0.0, 'E': 0.006089425804420937}, CPU {'O': 1469.946732, 'E': 2865.276841034255, 'ratio': 0.5130208400628421}
24-45k: SP+S {'O': 0.0, 'E': 7.510170850467629e-07}, SP+P {'O': 0.0, 'E': 1.1749919512359508e-07}, magic {'O': 0.0, 'E': 1.8336269701187162e-10}, SP in streams {'O': 0.0, 'E': 0.00022989307108251057}, CPU {'O': 771.880822, 'E': 2156.2963667662084, 'ratio': 0.35796601705431963}
all (raw totals only): SP+S {'O': 0.0, 'E': 0.072839142041005}, SP+P {'O': 0.0, 'E': 0.019389570070015814}, magic {'O': 0.0, 'E': 2.9097001390625e-05}, SP in streams {'O': 0.0, 'E': 0.08703375337993552}, CPU {'O': 17732.210597999998, 'E': 26684.31196119885, 'ratio': 0.664518186707758}

## SP

{
 "3-6k": {
  "O": 5.0,
  "E": 4.378504615029744
 },
 "6-12k": {
  "O": 2.0,
  "E": 1.544774906211468
 },
 "E10_weighted": 1.1915843867548044,
 "per_square_jeffreys": {
  "O": 7.0,
  "E": 5.944722377525966,
  "q": {
   "0.05": 0.6107050478185527,
   "0.16": 0.8132820146399323,
   "0.5": 1.2060159079223567,
   "0.84": 1.7090736961590556,
   "0.95": 2.102351342278426
  }
 },
 "found": {
  "O": 7.0,
  "E": 5.461195838108232,
  "p_ge": 0.30787825962007553,
  "p_ge_if_half": 0.021696747743619772,
  "p_le_if_double": 0.14827435012079193
 },
 "plain_only": {
  "n": 307,
  "O": 7.0,
  "E": 5.015853116849511,
  "ratio": 1.3955751567934158,
  "event_scale": 1.0,
  "eff_count": 7.0,
  "eff_sums": 130.59591181853713,
  "poisson90": [
   0.6549864231188252,
   2.621311568766696
  ],
  "p_ge": 0.2401382797466733,
  "p_le": 0.864967307835695,
  "boot90": [
   0.5945664612482181,
   2.3132447152490028
  ],
  "phi": 1.0062748403057575,
  "quasi90": [
   0.7479698761259936,
   2.6038883121155187
  ],
  "hh": 2.3909886025430693
 },
 "runs_with_sp": [
  "R017",
  "R111",
  "R154",
  "R224",
  "R227",
  "R270",
  "R317"
 ]
}

## Strata

| stratum | sums | E share in band | squares O/E [boot or Poisson] | S/sq | P/sq | SP O/E |
|---|---:|---:|---|---|---|---|
| 3-6k / r<=1.1 / k<=5 | 52 | 0.182 | 1.01 [0.897, 1.13] | 0.915 | 1.04 | 0/0.555 |
| 3-6k / r<=1.1 / k=6 | 66 | 0.229 | 1.09 [0.972, 1.22] | 0.926 | 1.01 | 2/0.863 |
| 3-6k / r<=1.1 / k>=7 | 15 | 0.0534 | 1.14 [0.969, 1.27] | 0.849 | 1.06 | 0/0.0932 |
| 3-6k / r>1.1 / k<=5 | 9 | 0.0296 | 0.779 [0.403, 1.16] | 1.52 | 0.818 | 0/0.0124 |
| 3-6k / r>1.1 / k=6 | 28 | 0.0964 | 1.01 [0.783, 1.28] | 0.968 | 1.19 | 0/0.113 |
| 3-6k / r>1.1 / k>=7 | 4 | 0.0122 | 1.49 [1.03, 2.08] | 0.744 | 0.603 | 0/0.00568 |
| 3-6k / sorted / k<=5 | 69 | 0.237 | 1.09 [1, 1.18] | 0.908 | 0.979 | 1/1.46 |
| 3-6k / sorted / k=6 | 40 | 0.14 | 0.925 [0.819, 1.04] | 1.01 | 1.09 | 2/1.03 |
| 3-6k / sorted / k>=7 | 6 | 0.0204 | 0.896 [0.8, 1] | 0.907 | 0.832 | 0/0.0946 |
| 6-12k / r<=1.1 / k<=5 | 2 | 0.0946 | 0.96 [0.835, 1.1] | 0.984 | 1.18 | 0/0.0535 |
| 6-12k / r<=1.1 / k=6 | 6 | 0.231 | 1.51 [1.42, 1.59] | 0.896 | 0.989 | 1/0.192 |
| 6-12k / r>1.1 / k=6 | 1 | 0.0102 | 0.768 [0.565, 1.02] | 0.565 | 1.31 | 0/0.0128 |
| 6-12k / sorted / k<=5 | 7 | 0.301 | 1.13 [1.01, 1.26] | 0.885 | 1.05 | 1/0.335 |
| 6-12k / sorted / k=6 | 8 | 0.325 | 1.3 [1.15, 1.41] | 1.03 | 1.12 | 0/0.596 |
| 6-12k / sorted / k>=7 | 1 | 0.0216 | 1.76 [1.55, 1.98] | 0.961 | 1.38 | 0/0.0253 |
| 12-24k / r<=1.1 / k=6 | 1 | 0.249 | 1.85 [1.42, 2.36] | 0.687 | 1.03 | 0/0.00856 |
| 12-24k / r<=1.1 / k>=7 | 1 | 0.137 | 0.949 [0.654, 1.33] | 0.693 | 2.05 | 0/0.00493 |
| 12-24k / r>1.1 / k<=5 | 1 | 0.017 | 2.04 [0.698, 4.67] | 0 | 1.81 | 0/0.000143 |
| 12-24k / sorted / k>=7 | 1 | 0.0481 | 0.606 [0.301, 1.09] | 0 | 0 | 0/0.000907 |
| 24-45k / r<=1.1 / k>=7 | 1 | 0.199 | 0.474 [0.0243, 2.25] | 0 | 0 | 0/3.76e-05 |
| 24-45k / r>1.1 / k=6 | 1 | 0.127 | 0 [0, 2.2] | - | - | 0/3.06e-05 |
| 24-45k / sorted / k>=7 | 1 | 0.074 | 0.945 [0.323, 2.16] | 2.35 | 0 | 0/9.64e-05 |

## Marginals 3-12k, against the overall 3-12k rate (48 contrasts; 3 with p < 0.05, 2.4 expected by chance; 0 after Holm)

| split | group | sums | squares (rel, p) | S (rel, p) | P (rel, p) | SP O/E |
|---|---|---:|---|---|---|---|
| class | r<=1.1 | 141 | 1.13 (rel 1.01 [0.947, 1.09], p 0.7) | 0.914 (rel 0.962 [0.911, 1.02], p 0.29) | 1.03 (rel 0.991 [0.915, 1.07], p 0.81) | 3/1.95 |
| class | r>1.1 | 42 | 0.984 (rel 0.884 [0.723, 1.09], p 0.31) | 0.944 (rel 0.993 [0.878, 1.14], p 1) | 1.14 (rel 1.1 [0.787, 1.38], p 0.63) | 0/0.14 |
| class | sorted | 131 | 1.11 (rel 0.998 [0.959, 1.03], p 0.9) | 0.969 (rel 1.02 [0.988, 1.04], p 0.32) | 1.04 (rel 1 [0.964, 1.04], p 0.95) | 4/3.83 |
| k | k<=5 | 139 | 1.08 (rel 0.969 [0.91, 1.03], p 0.41) | 0.91 (rel 0.958 [0.907, 1.02], p 0.25) | 1.01 (rel 0.975 [0.915, 1.04], p 0.51) | 2/2.59 |
| k | k=6 | 149 | 1.13 (rel 1.02 [0.971, 1.06], p 0.52) | 0.978 (rel 1.03 [0.994, 1.06], p 0.2) | 1.07 (rel 1.03 [0.95, 1.11], p 0.52) | 5/3.08 |
| k | k>=7 | 26 | 1.16 (rel 1.04 [0.849, 1.22], p 0.77) | 0.89 (rel 0.937 [0.851, 1.02], p 0.23) | 1.04 (rel 1 [0.729, 1.24], p 0.97) | 0/0.248 |
| S/S_min | 1.1-1.2 | 103 | 1.15 (rel 1.03 [0.947, 1.1], p 0.58) | 0.932 (rel 0.981 [0.904, 1.05], p 0.69) | 1.07 (rel 1.03 [0.947, 1.12], p 0.55) | 2/1.89 |
| S/S_min | 1.2-1.4 | 114 | 1.1 (rel 0.989 [0.929, 1.04], p 0.72) | 0.981 (rel 1.03 [0.981, 1.08], p 0.3) | 1.04 (rel 1.01 [0.947, 1.07], p 0.83) | 4/2.86 |
| S/S_min | <1.1 | 68 | 1.13 (rel 1.01 [0.903, 1.12], p 0.84) | 0.886 (rel 0.933 [0.87, 1], p 0.1) | 0.957 (rel 0.922 [0.807, 1.04], p 0.27) | 1/0.779 |
| S/S_min | >=1.4 | 29 | 1.03 (rel 0.925 [0.831, 1.03], p 0.25) | 0.919 (rel 0.967 [0.893, 1.05], p 0.52) | 0.965 (rel 0.93 [0.826, 1.04], p 0.26) | 0/0.395 |
| labels | 129-256 | 306 | 1.11 (rel 0.999 [0.997, 1], p 0.66) | 0.951 (rel 1 [0.998, 1], p 0.7) | 1.04 (rel 0.999 [0.995, 1], p 0.8) | 7/5.78 |
| labels | <=128 | 8 | 1.17 (rel 1.05 [0.869, 1.24], p 0.66) | 0.912 (rel 0.96 [0.8, 1.15], p 0.7) | 1.08 (rel 1.04 [0.824, 1.31], p 0.8) | 0/0.144 |
| N actual | 4-6k | 179 | 1.02 (rel 0.92 [0.876, 0.966], p 0.0055) | 0.934 (rel 0.983 [0.936, 1.04], p 0.64) | 1.03 (rel 0.99 [0.929, 1.05], p 0.78) | 4/3.35 |
| N actual | 6-9k | 24 | 1.36 (rel 1.22 [1.1, 1.33], p 0.0015) | 0.942 (rel 0.991 [0.882, 1.08], p 0.86) | 1.14 (rel 1.1 [0.983, 1.2], p 0.16) | 3/1.11 |
| N actual | <4k | 106 | 0.943 (rel 0.847 [0.774, 0.928], p 0.003) | 0.98 (rel 1.03 [0.951, 1.12], p 0.51) | 0.941 (rel 0.907 [0.809, 1.01], p 0.13) | 0/0.825 |
| N actual | >=9k | 5 | 1.23 (rel 1.11 [0.952, 1.22], p 0.21) | 0.999 (rel 1.05 [0.739, 1.21], p 0.83) | 1.02 (rel 0.982 [0.694, 1.46], p 0.96) | 0/0.636 |

## Time

plain 3-6k {"tp": {"n": 289, "sum_ratio": 0.9691229754019514, "gmean": 0.8740373928894712, "sd_ln": 0.28874702152481846}, "tp_ratio": {"n": 289, "sum_ratio": 0.6101666158841142, "gmean": 0.5116422122541744, "sd_ln": 0.39243164388670093}, "tp_anch": {"n": 289, "sum_ratio": 0.6544261978322212, "gmean": 0.6238941298095003, "sd_ln": 0.31067451197137513}}
plain 6-12k {"tp": {"n": 18, "sum_ratio": 1.1852316677721473, "gmean": 1.1794780041090902, "sd_ln": 0.2286453094237826}, "tp_ratio": {"n": 18, "sum_ratio": 0.754306716657392, "gmean": 0.733872284143736, "sd_ln": 0.26138870995082636}, "tp_anch": {"n": 18, "sum_ratio": 0.7543067166573922, "gmean": 0.7338722841437362, "sd_ln": 0.26138870995082636}}
plain 3-12k {"tp": {"n": 307, "sum_ratio": 1.0190428829577307, "gmean": 0.8895319141805152, "sd_ln": 0.2938514890946973}, "tp_ratio": {"n": 307, "sum_ratio": 0.6431873451844323, "gmean": 0.5225782137836225, "sd_ln": 0.39489778433562117}, "tp_anch": {"n": 307, "sum_ratio": 0.6785662032649584, "gmean": 0.6298614258413927, "sd_ln": 0.3099943231703619}}
plain N' 3-4k {"tp": {"n": 105, "sum_ratio": 0.8266920082084076, "gmean": 0.7796053916933555, "sd_ln": 0.2866526064360577}, "tp_ratio": {"n": 105, "sum_ratio": 0.47767865821885663, "gmean": 0.4329367720242677, "sd_ln": 0.4231463841681928}, "tp_anch": {"n": 105, "sum_ratio": 0.6883668881425904, "gmean": 0.6607755131690236, "sd_ln": 0.310030787298697}}
plain N' 4-5k {"tp": {"n": 105, "sum_ratio": 0.9492608369299266, "gmean": 0.9009116333086247, "sd_ln": 0.2924766980787673}, "tp_ratio": {"n": 105, "sum_ratio": 0.5613342911882508, "gmean": 0.5184046516209939, "sd_ln": 0.3458802878490105}, "tp_anch": {"n": 105, "sum_ratio": 0.6195260722444201, "gmean": 0.5863298315666537, "sd_ln": 0.3102497933096138}}
plain N' 5-6k {"tp": {"n": 79, "sum_ratio": 1.0067047261696673, "gmean": 0.977342207068318, "sd_ln": 0.2296887418320468}, "tp_ratio": {"n": 79, "sum_ratio": 0.6683605238538713, "gmean": 0.6277742641110335, "sd_ln": 0.30034560554760636}, "tp_anch": {"n": 79, "sum_ratio": 0.6683605238538713, "gmean": 0.6277742641110335, "sd_ln": 0.3003456055476063}}
plain N' 6-8k {"tp": {"n": 18, "sum_ratio": 1.1852316677721473, "gmean": 1.1794780041090902, "sd_ln": 0.2286453094237826}, "tp_ratio": {"n": 18, "sum_ratio": 0.754306716657392, "gmean": 0.733872284143736, "sd_ln": 0.26138870995082636}, "tp_anch": {"n": 18, "sum_ratio": 0.7543067166573922, "gmean": 0.7338722841437362, "sd_ln": 0.26138870995082636}}
dfirst 6-12k: d-first whole sum {"td": {"n": 7, "sum_ratio": 0.8475287822392571, "gmean": 0.844947588636779, "sd_ln": 0.17755410157644524}, "td_ratio": {"n": 7, "sum_ratio": 0.9232003727971598, "gmean": 0.98735925316032, "sd_ln": 0.2620082869342523}}
dfirst 6-12k: plain whole sum (stream est_time) {"tp": {"n": 7, "sum_ratio": 0.9900680398184558, "gmean": 1.0539865844921092, "sd_ln": 0.2884457312389055}, "tp_ratio": {"n": 7, "sum_ratio": 0.9150337535116511, "gmean": 0.9019649334035456, "sd_ln": 0.22827195256919613}, "tp_anch": {"n": 7, "sum_ratio": 0.9150337535116508, "gmean": 0.9019649334035453, "sd_ln": 0.22827195256919602}}
dfirst 6-12k: ratio d-first / plain {"n": 7, "sum_ratio": 0.9383988025158879, "gmean": 0.9367854085506264, "sd_ln": 0.06066842706642837}
dfirst 6-12k: d loop run {"n": 7, "sum_ratio": 0.8475283889191619, "gmean": 0.8449470833439917, "sd_ln": 0.17755371000308337}
dfirst 6-12k: stream run {"n": 7, "sum_ratio": 0.8770606107543697, "gmean": 0.9019562473217501, "sd_ln": 0.22828389244062128}
dfirst 12-24k: d-first whole sum {"td": {"n": 4, "sum_ratio": 0.5583406531198887, "gmean": 0.48262663486907886, "sd_ln": 0.5789917900532295}, "td_ratio": {"n": 4, "sum_ratio": 0.580200171211529, "gmean": 0.5015723880557059, "sd_ln": 0.41208836994583364}}
dfirst 12-24k: plain whole sum (stream est_time) {"tp": {"n": 4, "sum_ratio": 0.6219588612331304, "gmean": 0.5430450734834184, "sd_ln": 0.4208258226966481}, "tp_ratio": {"n": 4, "sum_ratio": 0.5952020441570117, "gmean": 0.5225327841779553, "sd_ln": 0.6042160862374969}, "tp_anch": {"n": 4, "sum_ratio": 0.5952020441570118, "gmean": 0.5225327841779555, "sd_ln": 0.6042160862374968}}
dfirst 12-24k: ratio d-first / plain {"n": 4, "sum_ratio": 0.9227203030592378, "gmean": 0.9236293864859474, "sd_ln": 0.0883308425080282}
dfirst 12-24k: d loop run {"n": 4, "sum_ratio": 0.5443549693219658, "gmean": 0.4829556412841413, "sd_ln": 0.5785854764434544}
dfirst 12-24k: stream run {"n": 4, "sum_ratio": 0.49196354640125933, "gmean": 0.5225247612761095, "sd_ln": 0.6042569710019503}
dfirst 24-45k: d-first whole sum {"td": {"n": 3, "sum_ratio": 0.3786953415908381, "gmean": 0.3546723676889116, "sd_ln": 0.3870152184117586}, "td_ratio": {"n": 3, "sum_ratio": 0.17546503015281123, "gmean": 0.17238028135517336, "sd_ln": 0.5489752081363761}}
dfirst 24-45k: plain whole sum (stream est_time) {"tp": {"n": 3, "sum_ratio": 0.15947540217178519, "gmean": 0.1688214475786633, "sd_ln": 0.44000592442451625}, "tp_ratio": {"n": 3, "sum_ratio": 0.34620361787459725, "gmean": 0.3473500684572178, "sd_ln": 0.24328872466772442}, "tp_anch": {"n": 3, "sum_ratio": 0.34620361787459714, "gmean": 0.3473500684572177, "sd_ln": 0.24328872466772422}}
dfirst 24-45k: ratio d-first / plain {"n": 3, "sum_ratio": 1.0277911198107759, "gmean": 1.021080460021834, "sd_ln": 0.20748209800200176}
dfirst 24-45k: d loop run {"n": 3, "sum_ratio": 0.37600905364557563, "gmean": 0.35722819945661977, "sd_ln": 0.38469817682578056}
dfirst 24-45k: stream run {"n": 3, "sum_ratio": 0.3544723124886573, "gmean": 0.3473654099052971, "sd_ln": 0.24327973332365044}
dfirst >=6k: d-first whole sum {"td": {"n": 14, "sum_ratio": 0.3985937765238206, "gmean": 0.5977953644005919, "sd_ln": 0.5063718102029181}, "td_ratio": {"n": 14, "sum_ratio": 0.19382715580873977, "gmean": 0.5597689844016439, "sd_ln": 0.7839030156615224}}
dfirst >=6k: plain whole sum (stream est_time) {"tp": {"n": 14, "sum_ratio": 0.17183466197359923, "gmean": 0.5889862273770985, "sd_ln": 0.8085506826720287}, "tp_ratio": {"n": 14, "sum_ratio": 0.36191985501624296, "gmean": 0.6289974011300159, "sd_ln": 0.5284990030630863}, "tp_anch": {"n": 14, "sum_ratio": 0.36191985501624285, "gmean": 0.6289974011300159, "sd_ln": 0.5284990030630863}}
dfirst >=6k: ratio d-first / plain {"n": 14, "sum_ratio": 0.9451952531872794, "gmean": 0.9503940132767346, "sd_ln": 0.10804148958179564}
dfirst >=6k: d loop run {"n": 14, "sum_ratio": 0.7512014330517733, "gmean": 0.5988322715822987, "sd_ln": 0.5041998258969438}
dfirst >=6k: stream run {"n": 14, "sum_ratio": 0.50465567084047, "gmean": 0.6289975660564888, "sd_ln": 0.5284982037685763}
run CPU 3-6k (anchored, as planned) {"n": 289, "sum_ratio": 0.6529587760458366, "gmean": 0.6204450946333762, "sd_ln": 0.3102220489761006}
run CPU 6-12k (anchored, as planned) {"n": 25, "sum_ratio": 0.8063068981387724, "gmean": 0.7650695491358854, "sd_ln": 0.24812749167163914}
run CPU 12-24k (anchored, as planned) {"n": 4, "sum_ratio": 0.5130208400628421, "gmean": 0.5029366854014252, "sd_ln": 0.5818529650004416}
run CPU 24-45k (anchored, as planned) {"n": 3, "sum_ratio": 0.35796601705431963, "gmean": 0.34959450201820863, "sd_ln": 0.26149492802670027}
run CPU all (anchored, as planned) {"n": 321, "sum_ratio": 0.664518186707758, "gmean": 0.6256416729731292, "sd_ln": 0.319106925125655}

## Selection (within band, against the stratum-adjusted model; squares x (S P)^2)

3-6k: slope of ln(O/E_adj squares) on ln(density) 0.020 +- 0.027 (n 244)
  Q1 n 73 E-share 0.54: rel 0.958 [0.824, 1.11] (sd ln 0.090), squares rel 0.995, SP 3/1.89
  Q2 n 72 E-share 0.26: rel 1.05 [0.859, 1.26] (sd ln 0.116), squares rel 1.02, SP 0/1.27
  Q3 n 72 E-share 0.15: rel 0.958 [0.693, 1.26] (sd ln 0.182), squares rel 1.03, SP 0/0.868
  Q4 n 72 E-share 0.06: rel 1.09 [0.734, 1.56] (sd ln 0.231), squares rel 0.917, SP 2/0.35
6-12k: slope of ln(O/E_adj squares) on ln(density) -0.158 +- 0.184 (n 18)
  Q1 n 7 E-share 0.39: rel 1.16 [0.33, 2.08] (sd ln 0.570), squares rel 0.997, SP 2/0.505
  Q2 n 6 E-share 0.33: rel 0.809 [0.458, 1.52] (sd ln 0.368), squares rel 0.964, SP 0/0.534
  Q3 n 6 E-share 0.19: rel 0.884 [0.589, 1.3] (sd ln 0.238), squares rel 1.06, SP 0/0.345
  Q4 n 6 E-share 0.09: rel 1.48 [0.896, 2.38] (sd ln 0.304), squares rel 1.01, SP 0/0.16
3-12k: slope of ln(O/E_adj squares) on ln(density) 0.011 +- 0.026 (n 262)
  Q1 n 80 E-share 0.52: rel 1 [0.755, 1.29] (sd ln 0.165), squares rel 0.995, SP 5/2.39
  Q2 n 78 E-share 0.27: rel 0.969 [0.768, 1.2] (sd ln 0.134), squares rel 0.993, SP 0/1.81
  Q3 n 78 E-share 0.15: rel 0.955 [0.749, 1.18] (sd ln 0.139), squares rel 1.04, SP 0/1.21
  Q4 n 78 E-share 0.06: rel 1.21 [0.889, 1.59] (sd ln 0.177), squares rel 0.948, SP 2/0.51
