effects: ('intercept', "N'>=3k", "N'<1k", "N' 6-12k", "N' 12-24k", "N'>=24k", 'k<=5', 'k>=7', 'k>=8', 'r<=1.1', 'r>1.1', 'x<0.1', 'x>=0.25')
sq
  intercept    prior +0.000 (0.300)  post -0.003 (0.196)
  N'>=3k       prior +0.000 (0.250)  post -0.002 (0.194)
  N'<1k        prior -0.250 (0.150)  post -0.250 (0.150)
  N' 6-12k     prior -0.220 (0.150)  post -0.078 (0.085)
  N' 12-24k    prior +0.000 (0.250)  post +0.058 (0.190)
  N'>=24k      prior +0.000 (0.250)  post -0.061 (0.232)
  k<=5         prior +0.000 (0.250)  post -0.006 (0.073)
  k>=7         prior +0.000 (0.250)  post +0.033 (0.112)
  k>=8         prior +0.000 (0.250)  post +0.021 (0.237)
  r<=1.1       prior +0.000 (0.250)  post +0.060 (0.067)
  r>1.1        prior +0.000 (0.250)  post -0.017 (0.117)
  x<0.1        prior -0.100 (0.150)  post -0.088 (0.078)
  x>=0.25      prior +0.000 (0.250)  post +0.060 (0.079)
S
  intercept    prior -0.151 (0.100)  post -0.159 (0.073)
  N'>=3k       prior +0.040 (0.100)  post +0.032 (0.073)
  N'<1k        prior +0.000 (0.100)  post +0.000 (0.100)
  N' 6-12k     prior +0.000 (0.100)  post -0.018 (0.050)
  N' 12-24k    prior +0.000 (0.100)  post -0.054 (0.093)
  N'>=24k      prior +0.000 (0.100)  post +0.009 (0.099)
  k<=5         prior +0.000 (0.100)  post -0.041 (0.043)
  k>=7         prior +0.000 (0.100)  post -0.038 (0.062)
  k>=8         prior +0.000 (0.100)  post -0.004 (0.098)
  r<=1.1       prior +0.000 (0.100)  post -0.048 (0.039)
  r>1.1        prior +0.000 (0.100)  post -0.008 (0.066)
  x<0.1        prior +0.000 (0.100)  post -0.067 (0.050)
  x>=0.25      prior +0.000 (0.100)  post +0.002 (0.045)
P
  intercept    prior -0.446 (0.100)  post -0.422 (0.075)
  N'>=3k       prior +0.060 (0.100)  post +0.085 (0.075)
  N'<1k        prior +0.000 (0.100)  post +0.000 (0.100)
  N' 6-12k     prior +0.000 (0.100)  post +0.042 (0.063)
  N' 12-24k    prior +0.000 (0.100)  post +0.008 (0.098)
  N'>=24k      prior +0.000 (0.100)  post -0.002 (0.100)
  k<=5         prior +0.000 (0.100)  post -0.042 (0.054)
  k>=7         prior -0.080 (0.100)  post -0.072 (0.085)
  k>=8         prior +0.000 (0.100)  post -0.003 (0.100)
  r<=1.1       prior +0.000 (0.100)  post -0.006 (0.051)
  r>1.1        prior +0.000 (0.100)  post +0.029 (0.084)
  x<0.1        prior -0.040 (0.100)  post -0.102 (0.067)
  x>=0.25      prior +0.000 (0.100)  post +0.018 (0.056)
squares GLM by A_SQ:
  A_SQ 15.0: intercept -0.007 (0.194), N'>=3k -0.005 (0.193), N'<1k -0.250 (0.150), N' 6-12k -0.051 (0.064), N' 12-24k +0.072 (0.171), N'>=24k -0.063 (0.231), k<=5 -0.001 (0.056), k>=7 +0.031 (0.090), k>=8 +0.025 (0.234), r<=1.1 +0.066 (0.050), r>1.1 -0.019 (0.099), x<0.1 -0.085 (0.063), x>=0.25 +0.058 (0.059)
  A_SQ 6.0: intercept -0.003 (0.196), N'>=3k -0.002 (0.194), N'<1k -0.250 (0.150), N' 6-12k -0.078 (0.085), N' 12-24k +0.058 (0.190), N'>=24k -0.061 (0.232), k<=5 -0.006 (0.073), k>=7 +0.033 (0.112), k>=8 +0.021 (0.237), r<=1.1 +0.060 (0.067), r>1.1 -0.017 (0.117), x<0.1 -0.088 (0.078), x>=0.25 +0.060 (0.079)
  A_SQ 4.7: intercept -0.002 (0.197), N'>=3k -0.001 (0.194), N'<1k -0.250 (0.150), N' 6-12k -0.088 (0.091), N' 12-24k +0.053 (0.196), N'>=24k -0.059 (0.233), k<=5 -0.007 (0.080), k>=7 +0.033 (0.119), k>=8 +0.020 (0.238), r<=1.1 +0.058 (0.073), r>1.1 -0.017 (0.123), x<0.1 -0.089 (0.083), x>=0.25 +0.060 (0.085)
